language: python
build_image: shippableimages/ubuntu1204_python
python:
  - 2.7

install:
  - pip install -r requirements.txt

# Make folders for the reports
before_script:
  - mkdir -p shippable/testresults
  - mkdir -p shippable/codecoverage

script:
  - cp test_results.xml shippable/testresults
  - nosetests test.py --with-xunit --xunit-file=shippable/testresults/test_results.xml
  - which python && coverage run --branch test.py
  - which python && coverage xml -o shippable/codecoverage/coverage.xml test.py

notifications:
  email:
   - exampleone@org.com
